21:49:36 INFO Using local binary override: /home/mysterious/.cloakbrowser/chromium-146.0.7680.177.5/chrome
21:49:36 INFO CloakBrowser CDP multiplexer starting on port 53029
21:49:36 INFO Connect: playwright.chromium.connect_over_cdp("http://localhost:53029?fingerprint=<seed>")
21:49:36 INFO Launching Chrome (seed=f7f132c0d6b07a3513d530805a30aa0caf2911230c87a02c, port=5105)
[510279:510293:0723/214936.965617:ERROR:dbus/bus.cc:405] Failed to connect to the bus: Could not parse server address: Unknown address type (examples of valid types are "tcp" and on UNIX "unix")
Fontconfig warning: We will not regenerate the cache because some cache files were generated by a newer version (0x2012001) of Fontconfig. Please regenerate the cache with the latest version of Fontconfig to avoid any unexpected behavior. (current version: 0x2011001)
[510279:510293:0723/214937.040283:ERROR:dbus/bus.cc:405] Failed to connect to the bus: Could not parse server address: Unknown address type (examples of valid types are "tcp" and on UNIX "unix")
[510279:510293:0723/214937.066923:ERROR:dbus/bus.cc:405] Failed to connect to the bus: Could not parse server address: Unknown address type (examples of valid types are "tcp" and on UNIX "unix")
[510310:510310:0723/214937.067052:ERROR:base/memory/shared_memory_switch.cc:289] Failed global descriptor lookup: 7

DevTools listening on ws://127.0.0.1:5105/devtools/browser/56ac152e-a650-4214-8e89-27b7f849a540
[510279:510293:0723/214937.116501:ERROR:dbus/bus.cc:405] Failed to connect to the bus: Could not parse server address: Unknown address type (examples of valid types are "tcp" and on UNIX "unix")
[510279:510279:0723/214937.162846:ERROR:dbus/object_proxy.cc:572] Failed to call method: org.freedesktop.DBus.NameHasOwner: object_path= /org/freedesktop/DBus: unknown error type: 
[510279:510293:0723/214937.163065:ERROR:dbus/bus.cc:405] Failed to connect to the bus: Could not parse server address: Unknown address type (examples of valid types are "tcp" and on UNIX "unix")
[510279:510279:0723/214937.169620:ERROR:dbus/object_proxy.cc:572] Failed to call method: org.freedesktop.DBus.NameHasOwner: object_path= /org/freedesktop/DBus: unknown error type: 
[510279:510279:0723/214937.170235:ERROR:dbus/object_proxy.cc:572] Failed to call method: org.freedesktop.DBus.NameHasOwner: object_path= /org/freedesktop/DBus: unknown error type: 
[510279:510279:0723/214937.172253:ERROR:dbus/object_proxy.cc:572] Failed to call method: org.freedesktop.DBus.NameHasOwner: object_path= /org/freedesktop/DBus: unknown error type: 
[510279:510293:0723/214937.172779:ERROR:dbus/bus.cc:405] Failed to connect to the bus: Could not parse server address: Unknown address type (examples of valid types are "tcp" and on UNIX "unix")
[510279:510279:0723/214937.174755:ERROR:dbus/object_proxy.cc:572] Failed to call method: org.freedesktop.DBus.NameHasOwner: object_path= /org/freedesktop/DBus: unknown error type: 
21:49:37 INFO Chrome ready (seed=f7f132c0d6b07a3513d530805a30aa0caf2911230c87a02c, port=5105, pid=510279)
[510279:510279:0723/214937.180071:ERROR:dbus/object_proxy.cc:572] Failed to call method: org.freedesktop.DBus.NameHasOwner: object_path= /org/freedesktop/DBus: unknown error type: 
[510279:510293:0723/214937.183134:ERROR:dbus/bus.cc:405] Failed to connect to the bus: Could not parse server address: Unknown address type (examples of valid types are "tcp" and on UNIX "unix")
[510279:510279:0723/214937.185951:ERROR:dbus/object_proxy.cc:572] Failed to call method: org.freedesktop.DBus.NameHasOwner: object_path= /org/freedesktop/DBus: unknown error type: 
[510279:510293:0723/214937.186145:ERROR:dbus/bus.cc:405] Failed to connect to the bus: Could not parse server address: Unknown address type (examples of valid types are "tcp" and on UNIX "unix")
21:49:37 INFO 127.0.0.1 [23/Jul/2026:21:49:36 +0530] "GET /json/version?fingerprint=f7f132c0d6b07a3513d530805a30aa0caf2911230c87a02c&timezone=Asia/Kolkata&locale=en-US HTTP/1.1" 200 616 "-" "curl/8.21.0"
[510279:510279:0723/214937.189072:ERROR:dbus/object_proxy.cc:572] Failed to call method: org.freedesktop.DBus.NameHasOwner: object_path= /org/freedesktop/DBus: unknown error type: 
[510279:510293:0723/214937.190726:ERROR:dbus/bus.cc:405] Failed to connect to the bus: Could not parse server address: Unknown address type (examples of valid types are "tcp" and on UNIX "unix")
[510279:510279:0723/214937.191338:ERROR:dbus/object_proxy.cc:572] Failed to call method: org.freedesktop.DBus.NameHasOwner: object_path= /org/freedesktop/DBus: unknown error type: 
21:49:37 INFO 127.0.0.1 [23/Jul/2026:21:49:37 +0530] "GET / HTTP/1.1" 200 479 "-" "curl/8.21.0"
22:12:15 WARNING Seed f7f132c0d6b07a3513d530805a30aa0caf2911230c87a02c already running (port 5105, tz=Asia/Kolkata, locale=en-US, proxy=None) — ignoring new params (first-launch wins)
22:12:15 INFO 127.0.0.1 [23/Jul/2026:22:12:15 +0530] "GET /json/version/?fingerprint=f7f132c0d6b07a3513d530805a30aa0caf2911230c87a02c&timezone=Asia/Kolkata&locale=en-US HTTP/1.1" 200 616 "-" "Playwright/1.62.0-alpha-1783623505000 (x64; arch unknown) node/26.4"
22:12:15 WARNING Seed f7f132c0d6b07a3513d530805a30aa0caf2911230c87a02c already running (port 5105, tz=Asia/Kolkata, locale=en-US, proxy=None) — ignoring new params (first-launch wins)
22:12:15 INFO CDP seed=f7f132c0d6b07a3513d530805a30aa0caf2911230c87a02c [browser/56ac152e-a650-4214-8e89-27b7f849a540]: connected to ws://127.0.0.1:5105/devtools/browser/56ac152e-a650-4214-8e89-27b7f849a540
[510279:510279:0723/221215.226344:ERROR:chrome/browser/ui/views/user_education/impl/browser_user_education_interface_impl.cc:154] Attempting to show IPH IPH_ExtensionsZeroStatePromo before browser initialization complete; IPH will not be shown.
22:14:39 INFO CDP seed=f7f132c0d6b07a3513d530805a30aa0caf2911230c87a02c [browser/56ac152e-a650-4214-8e89-27b7f849a540]: disconnected
22:14:39 INFO 127.0.0.1 [23/Jul/2026:22:12:15 +0530] "GET /fingerprint/f7f132c0d6b07a3513d530805a30aa0caf2911230c87a02c/devtools/browser/56ac152e-a650-4214-8e89-27b7f849a540 HTTP/1.1" 101 0 "-" "Playwright/1.62.0-alpha-1783623505000 (x64; arch unknown) node/26.4"
[510307:510629:0723/222516.790063:ERROR:components/viz/service/display/display.cc:298] Frame latency is negative: -0.088 ms
[510307:510629:0723/222831.615643:ERROR:components/viz/service/display/display.cc:298] Frame latency is negative: -0.048 ms
[510307:510629:0723/223351.136204:ERROR:components/viz/service/display/display.cc:298] Frame latency is negative: -0.039 ms
[510307:510629:0723/224409.194822:ERROR:components/viz/service/display/display.cc:298] Frame latency is negative: -0.031 ms
[510307:510629:0723/224923.215599:ERROR:components/viz/service/display/display.cc:298] Frame latency is negative: -0.027 ms
[510307:510629:0723/230518.827327:ERROR:components/viz/service/display/display.cc:298] Frame latency is negative: -0.072 ms
23:09:18 WARNING Seed f7f132c0d6b07a3513d530805a30aa0caf2911230c87a02c already running (port 5105, tz=Asia/Kolkata, locale=en-US, proxy=None) — ignoring new params (first-launch wins)
23:09:18 INFO 127.0.0.1 [23/Jul/2026:23:09:18 +0530] "GET /json/version/?fingerprint=f7f132c0d6b07a3513d530805a30aa0caf2911230c87a02c&timezone=Asia/Kolkata&locale=en-US HTTP/1.1" 200 616 "-" "Playwright/1.62.0-alpha-1783623505000 (x64; arch unknown) node/26.4"
23:09:18 WARNING Seed f7f132c0d6b07a3513d530805a30aa0caf2911230c87a02c already running (port 5105, tz=Asia/Kolkata, locale=en-US, proxy=None) — ignoring new params (first-launch wins)
23:09:18 INFO CDP seed=f7f132c0d6b07a3513d530805a30aa0caf2911230c87a02c [browser/56ac152e-a650-4214-8e89-27b7f849a540]: connected to ws://127.0.0.1:5105/devtools/browser/56ac152e-a650-4214-8e89-27b7f849a540
[510279:510279:0723/230918.036686:ERROR:chrome/browser/ui/views/user_education/impl/browser_user_education_interface_impl.cc:154] Attempting to show IPH IPH_ExtensionsZeroStatePromo before browser initialization complete; IPH will not be shown.
[510279:510291:0723/230918.592885:ERROR:net/cert/ev_root_ca_metadata.cc:161] Failed to decode OID: 0
23:30:53 INFO CDP seed=f7f132c0d6b07a3513d530805a30aa0caf2911230c87a02c [browser/56ac152e-a650-4214-8e89-27b7f849a540]: disconnected
23:30:53 INFO 127.0.0.1 [23/Jul/2026:23:09:18 +0530] "GET /fingerprint/f7f132c0d6b07a3513d530805a30aa0caf2911230c87a02c/devtools/browser/56ac152e-a650-4214-8e89-27b7f849a540 HTTP/1.1" 101 0 "-" "Playwright/1.62.0-alpha-1783623505000 (x64; arch unknown) node/26.4"
